../Core/Src/main.c:114:5:main	24	static
../Core/Src/main.c:239:6:SystemClock_Config	88	static
../Core/Src/main.c:285:13:MX_ADC1_Init	24	static
../Core/Src/main.c:337:13:MX_TIM1_Init	56	static
../Core/Src/main.c:387:13:MX_TIM2_Init	56	static
../Core/Src/main.c:436:13:MX_TIM3_Init	56	static
../Core/Src/main.c:485:13:MX_TIM4_Init	48	static
../Core/Src/main.c:546:13:MX_TIM5_Init	48	static
../Core/Src/main.c:599:13:MX_TIM9_Init	24	static
../Core/Src/main.c:637:13:MX_TIM10_Init	8	static
../Core/Src/main.c:668:13:MX_USART1_UART_Init	8	static
../Core/Src/main.c:701:13:MX_GPIO_Init	48	static
../Core/Src/main.c:764:6:HAL_TIM_PeriodElapsedCallback	16	static
../Core/Src/main.c:784:6:Error_Handler	4	static,ignoring_inline_asm
